Open Watcom Linker Version 1.0
Portions Copyright (c) 1985-2002 Sybase, Inc. All Rights Reserved.
Created on:       04/05/19 18:20:05
Executable Image: FKernel.exe
creating a Windows NT character-mode executable


                        +------------+
                        |   Groups   |
                        +------------+

Group                           Address              Size
=====                           =======              ====

.idata                          00406000             000004f2
DGROUP                          00407000             00011830



                        +--------------+
                        |   Segments   |
                        +--------------+

Segment                Class          Group          Address         Size
=======                =====          =====          =======         ====

BEGTEXT                CODE           AUTO           00401000        00000007
_TEXT                  CODE           AUTO           00401010        0000497f
TRANSFER CODE          CODE           AUTO           00405990        00000114
.idata                 .idata         .idata         00406000        000004f2
_NULL                  BEGDATA        DGROUP         00407000        00000004
_AFTERNULL             BEGDATA        DGROUP         00407004        00000000
CONST                  DATA           DGROUP         00407004        00000648
CONST2                 DATA           DGROUP         0040764c        00000104
_DATA                  DATA           DGROUP         00407750        000002d8
XIB                    DATA           DGROUP         00407a28        00000000
XI                     DATA           DGROUP         00407a28        00000024
XIE                    DATA           DGROUP         00407a4c        00000000
YIB                    DATA           DGROUP         00407a4c        00000000
YI                     DATA           DGROUP         00407a4c        00000012
YIE                    DATA           DGROUP         00407a5e        00000000
TIB                    DATA           DGROUP         00407a5e        00000000
TI                     DATA           DGROUP         00407a5e        00000000
TIE                    DATA           DGROUP         00407a5e        00000000
DATA                   DATA           DGROUP         00407a5e        00000000
_BSS                   BSS            DGROUP         00408010        00000820
STACK                  STACK          DGROUP         00408830        00010000


                        +----------------+
                        |   Memory Map   |
                        +----------------+

* = unreferenced symbol
+ = symbol only referenced locally

Address        Symbol
=======        ======

Module: FKernel.obj(I:\projects\Forth\IKForth\src\loader\FKernel.cpp)
00401010+      void near ChangeFileExt( char near *, char near * )
0040104d       _WinMain@16
00408010       bool near CanExit
00408014       _ImageHeader near IHeader
00408040       void near * near hOut
Module: IKFunc.obj(I:\projects\Forth\IKForth\src\loader\IKFunc.cpp)
004010c0       void near * near fLoadLibrary( int, char const near * )
00401112       void near fFreeLibrary( void near * )
0040112b       int (near * near fGetProcAddress( void near *, int, char const near * ))()
00401178       void near fBye()
00401195       void near fEmit( char )
004011c5       void near fType( int, char const near * )
004011f5       void near fFileClose( void near * )
0040120e       void near * near fFileCreate( int, int, char const near * )
0040127b       __int64 near fFilePosition( void near * )
004012c8       void near * near fFileOpen( int, int, char const near * )
00401325       void near fFileReposition( void near *, long, long )
00401347       __int64 near fFileReadLine( void near *, int, char near * )
004013d5+      long unsigned near fThreadFunc( void near * )
00401405       long unsigned near fStartThread( void near *, long unsigned, long unsigned )
00401487       void near * near fAlloc( long unsigned )
004014b3       void near fFree( void near * )
004014d6       void near * near fReAlloc( void near *, long unsigned )
00407750+      int near accessMethod[]
Module: IKFUtils.obj(I:\projects\Forth\IKForth\src\loader\IKFUtils.cpp)
00401505+      void near ShowLastError( char near * )
00401570+      void near SetFuncTable( _ImageHeader const near * )
00401601       void near StartForth( char const near *, char const near * )
Module: t:\openwatcom\lib386\nt\clib3r.lib(stk)
004017b7       __CHK
004017c7*      __STK
004017e6*      __STKOVERFLOW_
004017f6       __GRO
00401816*      __alloca_probe
Module: t:\openwatcom\lib386\nt\clib3r.lib(strrchr)
00401830       strrchr_
Module: t:\openwatcom\lib386\nt\clib3r.lib(strcat)
00401850       strcat_
Module: t:\openwatcom\lib386\nt\clib3r.lib(strcpy)
00401890       strcpy_
Module: t:\openwatcom\lib386\nt\clib3r.lib(cstrtwwt)
004018b0       _wstart_
004018b0*      _wstart2_
004018b0*      WinMainCRTStartup
Module: t:\openwatcom\lib386\nt\plib3r.lib(fsroot)
00407a2e       ___wcpp_4_data_init_fs_root_
Module: t:\openwatcom\lib386\nt\clib3r.lib(memset)
00401920       memset_
Module: t:\openwatcom\lib386\nt\clib3r.lib(strncpy)
00401940       strncpy_
Module: t:\openwatcom\lib386\nt\clib3r.lib(i8s)
00401976*      __U8RS
00401990       __I8RS
004019ab       __I8LS
004019ab*      __U8LS
Module: t:\openwatcom\lib386\nt\clib3r.lib(memmove)
004019d0       memmove_
Module: t:\openwatcom\lib386\nt\clib3r.lib(strlen)
00401a30       strlen_
Module: t:\openwatcom\lib386\nt\clib3r.lib(_strcmp)
00401a50       strcmp_
Module: t:\openwatcom\lib386\nt\clib3r.lib(xmsgwnt)
00401b90+      __exit_with_msg_
00401bd0       __fatal_runtime_error_
Module: t:\openwatcom\lib386\nt\clib3r.lib(mainwnt)
00408050       ___Is_DLL
004077bc*      ___TlsIndex
004077c0+      ___FirstThreadData
004077c4       ___GetThreadPtr
004077c8       __AccessFileH
004077cc       __ReleaseFileH
004077d0       __AccessIOB
004077d4       __ReleaseIOB
004077d8       __AccessNHeap
004077dc*      __AccessFHeap
004077e0       __ReleaseNHeap
00401bf0*      __threadid_
00401c60+      __sig_null_rtn_
00401c70+      __NTInit_
00401e70+      __NTFini_
00401ed0       __NTMainInit_
00401f30       __exit_
004077e4*      __ReleaseFHeap
004077e8*      __AccessTDList
004077ec*      __ReleaseTDList
004077f0       __AccessFList
004077f4       __ReleaseFList
004077f8+      __ThreadExitRtn
004077fc       ___sig_init_rtn
00407800       ___sig_fini_rtn
00407804       ___process_fini
Module: t:\openwatcom\lib386\nt\clib3r.lib(wmainwnt)
00401f90       __WinMain
Module: t:\openwatcom\lib386\nt\clib3r.lib(segdefns)
00401003       ___begtext
00407000*      __nullarea
00407a28       __Start_XI
00407a4c       __End_XI
00407a4c       __Start_YI
00407a5e       __End_YI
Module: t:\openwatcom\lib386\nt\plib3r.lib(cppdata)
00408680       __wint_thread_data
004086a4*      __compiled_under_NT
Module: t:\openwatcom\lib386\nt\clib3r.lib(__stos)
00402040       __STOSB
00402077*      __STOSD
Module: t:\openwatcom\lib386\nt\clib3r.lib(hdlman)
00407808+      ___NHandles
0040780c       ___OSHandles
00407810+      ___FakeHandles
004020f0+      __growPOSIXHandles_
004021a0+      __allocPOSIXHandle_
00402260*      __freePOSIXHandle_
00402280*      __getOSHandle_
004022a0       __setOSHandle_
004022f0+      __NTGetFakeHandle_
00402370       __initPOSIXHandles_
00402460*      __set_handles_
00402470*      _grow_handles_
Module: t:\openwatcom\lib386\nt\clib3r.lib(enterdb)
004024b0       __EnterWVIDEO_
0040781c+      ___WD_Present
Module: t:\openwatcom\lib386\nt\clib3r.lib(crwdata)
00407864       __osmajor
00407865       __osminor
00407866       __osbuild
00407868       __osver
0040786c       __winmajor
00407870       __winminor
00407874       __winver
00407828       __LpCmdLine
0040782c       __LpPgmName
00407830       __LpDllName
00407834       __LpwCmdLine
00407838       __LpwPgmName
0040783c       __LpwDllName
00407820*      __dynend
00407824       __curbrk
00407840*      __STACKLOW
00407844       __STACKTOP
00407848       __ASTACKSIZ
0040784c       __ASTACKPTR
00407850*      __cbyte
00407854*      __cbyte2
00407858*      __child
0040785e       __Envptr
00407862*      __Envseg
0040785c       __no87
00407878*      __FPE_handler
00407878*      ___FPE_handler
Module: t:\openwatcom\lib386\nt\clib3r.lib(environ)
004086b0       ___env_mask
004086b4       _environ
004086b8       __wenviron
Module: t:\openwatcom\lib386\nt\clib3r.lib(getmodfn)
004024e0       __lib_GetModuleFileNameW_
Module: t:\openwatcom\lib386\nt\clib3r.lib(strdup)
00402580       __clib_strdup_
Module: t:\openwatcom\lib386\nt\clib3r.lib(istable)
0040764c       __IsTable
Module: t:\openwatcom\lib386\nt\clib3r.lib(ustrdup)
004025d0       __clib_wcsdup_
Module: t:\openwatcom\lib386\nt\clib3r.lib(nfree)
00402600       free_
00402610       _nfree_
004086c0       ___MiniHeapFreeRover
Module: t:\openwatcom\lib386\nt\clib3r.lib(excptwnt)
004027e0+      ___ReportException@4
00402c50       __DefaultExceptionHandler_
00402c90+      ___ExceptionFilter
00402e90       __NewExceptionFilter_
00402ec0       __DoneExceptionFilter_
00402f00*      __NewExceptionHandler_
00402f10*      __DoneExceptionHandler_
0040787c       ___oscode_check_func
00407880       ___raise_func
004086d0*      _sw
004086d4+      ___ExceptionHandled
004086d5+      ___ReportInvoked
Module: t:\openwatcom\lib386\nt\clib3r.lib(stklmwnt)
00402f20       __init_stack_limits_
Module: t:\openwatcom\lib386\nt\clib3r.lib(initrtns)
00402fa0       __InitRtns
00402ff0       __FiniRtns
Module: t:\openwatcom\lib386\nt\clib3r.lib(mthrdini)
00403050*      __InitThreadData_
00407898       ___ThreadDataSize
Module: t:\openwatcom\lib386\nt\clib3r.lib(stackwnt)
00403080       stackavail_
Module: t:\openwatcom\lib386\nt\clib3r.lib(cinit)
00403090       __CommonInit_
Module: t:\openwatcom\lib386\nt\clib3r.lib(exit)
004030a0+      __null_int23_exit_
004030c0       exit_
00403120+      _exit_
0040789c+      ___int23_exit
004078a0+      ___FPE_handler_exit
Module: t:\openwatcom\lib386\nt\clib3r.lib(dosseg)
00001234       __DOSseg__
Module: t:\openwatcom\lib386\nt\clib3r.lib(nmalloc)
00403140       malloc_
00403150       _nmalloc_
004078a4       ___nheapbeg
004078a8       ___MiniHeapRover
004078ac       ___LargestSizeB4MiniHeapRover
Module: t:\openwatcom\lib386\nt\clib3r.lib(seterrno)
00403270       __set_errno_
00403280*      __set_EDOM_
00403290*      __set_ERANGE_
004032a0*      __set_EINVAL_
004032b0*      __set_doserrno_
Module: t:\openwatcom\lib386\nt\clib3r.lib(nrealloc)
004032c0       realloc_
004032d0+      _nrealloc_
Module: t:\openwatcom\lib386\nt\clib3r.lib(iomode)
004078b0       ___NFiles
004078b4+      ___init_mode
00403350       __grow_iomode_
00403420+      __shrink_iomode_
00403470*      __GetIOMode_
004034e0*      __IOMode_
004034f0       __SetIOMode_
Module: t:\openwatcom\lib386\nt\clib3r.lib(setenvp)
00403570       __setenvp_
00403660       __freeenvp_
Module: t:\openwatcom\lib386\nt\clib3r.lib(ustrlen)
004036c0       wcslen_
Module: t:\openwatcom\lib386\nt\clib3r.lib(memcpy)
004036e0       memcpy_
Module: t:\openwatcom\lib386\nt\clib3r.lib(mem)
00403710       __MemAllocator
004037d0       __MemFree
Module: t:\openwatcom\lib386\nt\clib3r.lib(heapmod)
00408700       ___nheap_clean
00408701       ___fheap_clean
Module: t:\openwatcom\lib386\nt\clib3r.lib(conutwnt)
00403920*      __NTRealKey_
004039d0*      __NTConsoleInput_
004039e0       __NTConsoleOutput_
Module: t:\openwatcom\lib386\nt\clib3r.lib(fclex387)
004039f0       _ClearFPE_
Module: t:\openwatcom\lib386\nt\clib3r.lib(signlwnt)
00407910+      _SignalTable
00403a00+      __SetSignalFunc_
00403a50+      __GetSignalFunc_
00403a80+      __GetSignalOSCode_
00403ab0+      __CheckSignalExCode_
00403bf0+      __sigabort_
00403c00       __sigfpe_handler_
00403c50*      signal_
00403d10+      raise_
00403d80+      __SigInit_
00403dd0+      __SigFini_
00403e10+      __sig_init_
Module: t:\openwatcom\lib386\nt\clib3r.lib(nmemneed)
00403e30       __nmemneed_
Module: t:\openwatcom\lib386\nt\clib3r.lib(grownear)
00403f60       __ExpandDGROUP_
Module: t:\openwatcom\lib386\nt\clib3r.lib(nmsize)
00403fd0*      _msize_
00403fe0       _nmsize_
Module: t:\openwatcom\lib386\nt\clib3r.lib(nexpand)
00403ff0*      _expand_
00404000+      __HeapManager_expand_
004041e0       _nexpand_
Module: t:\openwatcom\lib386\nt\clib3r.lib(isattwnt)
00404230       isatty_
Module: t:\openwatcom\lib386\nt\clib3r.lib(dofilstr)
00404260       __ParsePosixHandleStr_
Module: t:\openwatcom\lib386\nt\clib3r.lib(clearenv)
00404380       clearenv_
Module: t:\openwatcom\lib386\nt\clib3r.lib(abort)
00404420*      abort_
00404430       __terminate_
0040797c       ___abort
Module: t:\openwatcom\lib386\nt\clib3r.lib(cntrl87)
00404450       _control87_
Module: t:\openwatcom\lib386\nt\clib3r.lib(heapen)
004044b0*      _heapenable_
00407980       ___heap_enabled
Module: t:\openwatcom\lib386\nt\clib3r.lib(nheapmin)
004044e0*      _heapshrink_
004044f0*      _heapmin_
00404500*      _nheapmin_
004045b0       _nheapshrink_
Module: t:\openwatcom\lib386\nt\clib3r.lib(amblksiz)
00407984       __amblksiz
Module: t:\openwatcom\lib386\nt\clib3r.lib(getenv)
004045f0       getenv_
Module: t:\openwatcom\lib386\nt\clib3r.lib(strtol)
00404820*      strtoul_
00404830       strtol_
Module: t:\openwatcom\lib386\nt\clib3r.lib(putenv)
004048a0       putenv_
00404a50       __putenv_
Module: t:\openwatcom\lib386\nt\clib3r.lib(01h)
00407a14       __8087
00407a15       __real87
Module: t:\openwatcom\lib386\nt\clib3r.lib(mbsnicmp)
00404cd0       _mbsnicmp_
Module: t:\openwatcom\lib386\nt\clib3r.lib(tolower)
00404d60       tolower_
Module: t:\openwatcom\lib386\nt\clib3r.lib(mbschr)
00404d70       _mbschr_
Module: t:\openwatcom\lib386\nt\clib3r.lib(mbslen)
00404dd0       _mbslen_
Module: t:\openwatcom\lib386\nt\clib3r.lib(mbstowcs)
00404e00       mbstowcs_
Module: t:\openwatcom\lib386\nt\clib3r.lib(uputenv)
00404e80*      _wputenv_
00405000       __wputenv_
Module: t:\openwatcom\lib386\nt\clib3r.lib(toupper)
004051b0       toupper_
Module: t:\openwatcom\lib386\nt\clib3r.lib(chk8087)
004051e0+      __init_8087_
00405220*      _fpreset_
00405230       __chk8087_
Module: t:\openwatcom\lib386\nt\clib3r.lib(mbterm)
00405280       _mbterm_
Module: t:\openwatcom\lib386\nt\clib3r.lib(mbcicmp)
004052c0       _mbcicmp_
Module: t:\openwatcom\lib386\nt\clib3r.lib(mbsinc)
00405320       _mbsinc_
Module: t:\openwatcom\lib386\nt\clib3r.lib(mbconv)
00405350       _mbvtop_
Module: t:\openwatcom\lib386\nt\clib3r.lib(mbclen)
00405370       _mbclen_
Module: t:\openwatcom\lib386\nt\clib3r.lib(mbccmp)
004053a0       _mbccmp_
Module: t:\openwatcom\lib386\nt\clib3r.lib(mbtowc)
00405400       mbtowc_
Module: t:\openwatcom\lib386\nt\clib3r.lib(ustrchr)
004054a0       wcschr_
Module: t:\openwatcom\lib386\nt\clib3r.lib(setenvar)
004054d0       __lib_SetEnvironmentVariableW_
Module: t:\openwatcom\lib386\nt\clib3r.lib(crtwenv)
004055c0       __create_wide_environment_
Module: t:\openwatcom\lib386\nt\clib3r.lib(wcstombs)
00405630       wcstombs_
Module: t:\openwatcom\lib386\nt\clib3r.lib(utoupper)
004056f0       towupper_
Module: t:\openwatcom\lib386\nt\clib3r.lib(save8087)
00407a18       ___Save8087
00407a1c       ___Rest8087
Module: t:\openwatcom\lib386\nt\clib3r.lib(8087cw)
00407a20       __8087cw
Module: t:\openwatcom\lib386\nt\clib3r.lib(init8087)
00405710       __init_80x87
Module: t:\openwatcom\lib386\nt\clib3r.lib(mbisdbcs)
00408710       ___IsDBCS
Module: t:\openwatcom\lib386\nt\clib3r.lib(mbislead)
00405740*      _ismbblead_
00408720       ___MBCSIsTable
Module: t:\openwatcom\lib386\nt\clib3r.lib(mbccpy)
00405760       _mbccpy_
Module: t:\openwatcom\lib386\nt\clib3r.lib(mbsupr)
004057a0       _mbsupr_
Module: t:\openwatcom\lib386\nt\clib3r.lib(mbinit)
004057c0       __mbinit_
00407a24       ___MBCodePage
Module: t:\openwatcom\lib386\nt\clib3r.lib(wctomb)
00405950       wctomb_


                        +----------------------+
                        |   Imported Symbols   |
                        +----------------------+

Symbol                              Module
======                              ======

_GetModuleFileNameA@12              KERNEL32.DLL
_LoadLibraryA@4                     KERNEL32.DLL
_SetLastError@4                     KERNEL32.DLL
_FreeLibrary@4                      KERNEL32.DLL
_GetProcAddress@8                   KERNEL32.DLL
_Sleep@4                            KERNEL32.DLL
_WriteConsoleA@20                   KERNEL32.DLL
_CloseHandle@4                      KERNEL32.DLL
_CreateFileA@28                     KERNEL32.DLL
_SetFilePointer@16                  KERNEL32.DLL
_ReadFile@20                        KERNEL32.DLL
_CreateThread@24                    KERNEL32.DLL
_GlobalAlloc@8                      KERNEL32.DLL
_GlobalFree@4                       KERNEL32.DLL
_GlobalReAlloc@12                   KERNEL32.DLL
_GetLastError@0                     KERNEL32.DLL
_FormatMessageA@28                  KERNEL32.DLL
_LocalFree@4                        KERNEL32.DLL
_GetStdHandle@4                     KERNEL32.DLL
_VirtualAlloc@16                    KERNEL32.DLL
_VirtualFree@12                     KERNEL32.DLL
_SetStdHandle@8                     KERNEL32.DLL
_CreateEventA@16                    KERNEL32.DLL
_GetModuleFileNameW@12              KERNEL32.DLL
_MultiByteToWideChar@24             KERNEL32.DLL
_SetUnhandledExceptionFilter@4      KERNEL32.DLL
_UnhandledExceptionFilter@4         KERNEL32.DLL
_VirtualQuery@12                    KERNEL32.DLL
_GetCurrentThreadId@0               KERNEL32.DLL
_SetConsoleCtrlHandler@8            KERNEL32.DLL
_GetFileType@4                      KERNEL32.DLL
_SetEnvironmentVariableA@8          KERNEL32.DLL
_SetEnvironmentVariableW@8          KERNEL32.DLL
_CharUpperA@4                       USER32.DLL
_GetOEMCP@0                         KERNEL32.DLL
_GetCPInfo@8                        KERNEL32.DLL
_GetACP@0                           KERNEL32.DLL
_WideCharToMultiByte@32             KERNEL32.DLL
_WriteFile@20                       KERNEL32.DLL
_GetEnvironmentStrings@0            KERNEL32.DLL
_GetVersion@0                       KERNEL32.DLL
_GetCommandLineA@0                  KERNEL32.DLL
_GetCommandLineW@0                  KERNEL32.DLL
_FreeEnvironmentStringsA@4          KERNEL32.DLL
_GetModuleHandleA@4                 KERNEL32.DLL
_ExitProcess@4                      KERNEL32.DLL


                        +--------------------+
                        |   Libraries Used   |
                        +--------------------+

t:\openwatcom\lib386\nt\clib3r.lib
t:\openwatcom\lib386\nt\plib3r.lib
t:\openwatcom\lib386\nt\kernel32.lib
t:\openwatcom\lib386\nt\user32.lib


                        +-----------------------+
                        |   Linker Statistics   |
                        +-----------------------+

Stack size:  00010000 (65536.)
Memory size:  000167c6 (92102.)
Entry point address: 004018b0
Link time: 00:00.72
